2026-08-28 07:07:02,684 [MainThread  ] [INFO ]  Datasets: D:/avimaint-e2e-research/legacy_import/maintenance-ie/outputs/spert_core/train.json, D:/avimaint-e2e-research/legacy_import/maintenance-ie/outputs/spert_core/dev.json
2026-08-28 07:07:02,684 [MainThread  ] [INFO ]  Model type: spert
2026-08-28 07:07:04,059 [MainThread  ] [INFO ]  Relation type count: 11
2026-08-28 07:07:04,059 [MainThread  ] [INFO ]  Entity type count: 9
2026-08-28 07:07:04,059 [MainThread  ] [INFO ]  Entities:
2026-08-28 07:07:04,059 [MainThread  ] [INFO ]  No Entity=0
2026-08-28 07:07:04,059 [MainThread  ] [INFO ]  PHYSICAL_OBJECT/MAINTAINABLE_ITEM=1
2026-08-28 07:07:04,059 [MainThread  ] [INFO ]  ACTIVITY/MAINTENANCE_ACTION=2
2026-08-28 07:07:04,059 [MainThread  ] [INFO ]  STATE/FAULT_STATE=3
2026-08-28 07:07:04,114 [MainThread  ] [INFO ]  PROCESS/ABNORMAL_PROCESS=4
2026-08-28 07:07:04,114 [MainThread  ] [INFO ]  STATE/MAINTENANCE_OUTCOME=5
2026-08-28 07:07:04,114 [MainThread  ] [INFO ]  PROPERTY/LOCATION_POSITION=6
2026-08-28 07:07:04,114 [MainThread  ] [INFO ]  PROPERTY/TECHNICAL_OBSERVATION=7
2026-08-28 07:07:04,114 [MainThread  ] [INFO ]  CONTEXT/OPERATING_CONTEXT=8
2026-08-28 07:07:04,114 [MainThread  ] [INFO ]  Relations:
2026-08-28 07:07:04,114 [MainThread  ] [INFO ]  No Relation=0
2026-08-28 07:07:04,114 [MainThread  ] [INFO ]  HAS_PART=1
2026-08-28 07:07:04,114 [MainThread  ] [INFO ]  ISSUE_ON_ITEM=2
2026-08-28 07:07:04,124 [MainThread  ] [INFO ]  ACTION_ON_ITEM=3
2026-08-28 07:07:04,124 [MainThread  ] [INFO ]  OBSERVATION_OF_ITEM=4
2026-08-28 07:07:04,124 [MainThread  ] [INFO ]  HAS_LOCATION=5
2026-08-28 07:07:04,124 [MainThread  ] [INFO ]  OCCURS_UNDER_CONTEXT=6
2026-08-28 07:07:04,124 [MainThread  ] [INFO ]  ACTION_ADDRESSES_ISSUE=7
2026-08-28 07:07:04,124 [MainThread  ] [INFO ]  ACTION_INVESTIGATES_ISSUE=8
2026-08-28 07:07:04,124 [MainThread  ] [INFO ]  ACTION_USES_ITEM=9
2026-08-28 07:07:04,124 [MainThread  ] [INFO ]  ACTION_RESULTS_IN_OUTCOME=10
2026-08-28 07:07:04,124 [MainThread  ] [INFO ]  Dataset: train
2026-08-28 07:07:04,124 [MainThread  ] [INFO ]  Document count: 1275
2026-08-28 07:07:04,124 [MainThread  ] [INFO ]  Relation count: 8699
2026-08-28 07:07:04,124 [MainThread  ] [INFO ]  Entity count: 10088
2026-08-28 07:07:04,124 [MainThread  ] [INFO ]  Dataset: valid
2026-08-28 07:07:04,124 [MainThread  ] [INFO ]  Document count: 100
2026-08-28 07:07:04,124 [MainThread  ] [INFO ]  Relation count: 648
2026-08-28 07:07:04,124 [MainThread  ] [INFO ]  Entity count: 780
2026-08-28 07:07:04,124 [MainThread  ] [INFO ]  Updates per epoch: 637
2026-08-28 07:07:04,124 [MainThread  ] [INFO ]  Updates total: 12740
2026-08-28 07:07:06,394 [MainThread  ] [INFO ]  Train epoch: 0
2026-08-28 07:13:39,173 [MainThread  ] [INFO ]  Train epoch: 1
2026-08-28 07:14:52,830 [MainThread  ] [INFO ]  Train epoch: 2
2026-08-28 07:16:05,693 [MainThread  ] [INFO ]  Train epoch: 3
2026-08-28 07:17:18,207 [MainThread  ] [INFO ]  Train epoch: 4
2026-08-28 07:18:32,644 [MainThread  ] [INFO ]  Train epoch: 5
2026-08-28 07:19:46,180 [MainThread  ] [INFO ]  Train epoch: 6
2026-08-28 07:21:00,020 [MainThread  ] [INFO ]  Train epoch: 7
2026-08-28 07:22:14,108 [MainThread  ] [INFO ]  Train epoch: 8
2026-08-28 07:23:27,645 [MainThread  ] [INFO ]  Train epoch: 9
2026-08-28 07:24:40,896 [MainThread  ] [INFO ]  Train epoch: 10
2026-08-28 07:25:54,233 [MainThread  ] [INFO ]  Train epoch: 11
2026-08-28 07:27:08,102 [MainThread  ] [INFO ]  Train epoch: 12
2026-08-28 07:28:21,930 [MainThread  ] [INFO ]  Train epoch: 13
2026-08-28 07:29:35,408 [MainThread  ] [INFO ]  Train epoch: 14
2026-08-28 07:30:48,763 [MainThread  ] [INFO ]  Train epoch: 15
2026-08-28 07:32:01,762 [MainThread  ] [INFO ]  Train epoch: 16
2026-08-28 07:33:14,652 [MainThread  ] [INFO ]  Train epoch: 17
2026-08-28 07:34:27,388 [MainThread  ] [INFO ]  Train epoch: 18
2026-08-28 07:35:40,215 [MainThread  ] [INFO ]  Train epoch: 19
2026-08-28 07:36:53,223 [MainThread  ] [INFO ]  Evaluate: valid
2026-08-28 07:37:10,620 [MainThread  ] [INFO ]  Logged in: D:/avimaint-e2e-research/legacy_import/maintenance-ie/outputs/spert_core/log\avimaint_spert\2026-08-28_07-07-02_298442
2026-08-28 07:37:10,621 [MainThread  ] [INFO ]  Saved in: D:/avimaint-e2e-research/legacy_import/maintenance-ie/outputs/spert_core/save\avimaint_spert\2026-08-28_07-07-02_298442
