2026-08-30 15:07:32,184 [MainThread  ] [INFO ]  Datasets: D:/avimaint-e2e-research/legacy_import/maintenance-ie/outputs/spert_normalized/byt5/train.json, D:/avimaint-e2e-research/legacy_import/maintenance-ie/outputs/spert_normalized/byt5/dev.json
2026-08-30 15:07:32,184 [MainThread  ] [INFO ]  Model type: spert
2026-08-30 15:07:33,352 [MainThread  ] [INFO ]  Relation type count: 12
2026-08-30 15:07:33,352 [MainThread  ] [INFO ]  Entity type count: 10
2026-08-30 15:07:33,352 [MainThread  ] [INFO ]  Entities:
2026-08-30 15:07:33,352 [MainThread  ] [INFO ]  No Entity=0
2026-08-30 15:07:33,352 [MainThread  ] [INFO ]  PHYSICAL_OBJECT/MAINTAINABLE_ITEM=1
2026-08-30 15:07:33,352 [MainThread  ] [INFO ]  ACTIVITY/MAINTENANCE_ACTION=2
2026-08-30 15:07:33,359 [MainThread  ] [INFO ]  STATE/FAULT_STATE=3
2026-08-30 15:07:33,359 [MainThread  ] [INFO ]  PROCESS/ABNORMAL_PROCESS=4
2026-08-30 15:07:33,359 [MainThread  ] [INFO ]  STATE/MAINTENANCE_OUTCOME=5
2026-08-30 15:07:33,359 [MainThread  ] [INFO ]  PROPERTY/LOCATION_POSITION=6
2026-08-30 15:07:33,359 [MainThread  ] [INFO ]  PROPERTY/TECHNICAL_OBSERVATION=7
2026-08-30 15:07:33,359 [MainThread  ] [INFO ]  CONTEXT/OPERATING_CONTEXT=8
2026-08-30 15:07:33,359 [MainThread  ] [INFO ]  REFERENCE/MAINTENANCE_REFERENCE=9
2026-08-30 15:07:33,359 [MainThread  ] [INFO ]  Relations:
2026-08-30 15:07:33,359 [MainThread  ] [INFO ]  No Relation=0
2026-08-30 15:07:33,359 [MainThread  ] [INFO ]  HAS_PART=1
2026-08-30 15:07:33,359 [MainThread  ] [INFO ]  ISSUE_ON_ITEM=2
2026-08-30 15:07:33,359 [MainThread  ] [INFO ]  ACTION_ON_ITEM=3
2026-08-30 15:07:33,359 [MainThread  ] [INFO ]  OBSERVATION_OF_ITEM=4
2026-08-30 15:07:33,359 [MainThread  ] [INFO ]  HAS_LOCATION=5
2026-08-30 15:07:33,359 [MainThread  ] [INFO ]  OCCURS_UNDER_CONTEXT=6
2026-08-30 15:07:33,359 [MainThread  ] [INFO ]  ACTION_ADDRESSES_ISSUE=7
2026-08-30 15:07:33,359 [MainThread  ] [INFO ]  ACTION_INVESTIGATES_ISSUE=8
2026-08-30 15:07:33,359 [MainThread  ] [INFO ]  ACTION_USES_ITEM=9
2026-08-30 15:07:33,359 [MainThread  ] [INFO ]  ACTION_RESULTS_IN_OUTCOME=10
2026-08-30 15:07:33,359 [MainThread  ] [INFO ]  ACTION_FOLLOWS_REFERENCE=11
2026-08-30 15:07:33,359 [MainThread  ] [INFO ]  Dataset: train
2026-08-30 15:07:33,359 [MainThread  ] [INFO ]  Document count: 1275
2026-08-30 15:07:33,359 [MainThread  ] [INFO ]  Relation count: 8764
2026-08-30 15:07:33,359 [MainThread  ] [INFO ]  Entity count: 10145
2026-08-30 15:07:33,359 [MainThread  ] [INFO ]  Dataset: valid
2026-08-30 15:07:33,359 [MainThread  ] [INFO ]  Document count: 100
2026-08-30 15:07:33,359 [MainThread  ] [INFO ]  Relation count: 651
2026-08-30 15:07:33,359 [MainThread  ] [INFO ]  Entity count: 783
2026-08-30 15:07:33,359 [MainThread  ] [INFO ]  Updates per epoch: 637
2026-08-30 15:07:33,359 [MainThread  ] [INFO ]  Updates total: 12740
2026-08-30 15:07:34,378 [MainThread  ] [INFO ]  Train epoch: 0
2026-08-30 15:08:52,737 [MainThread  ] [INFO ]  Train epoch: 1
2026-08-30 15:10:10,760 [MainThread  ] [INFO ]  Train epoch: 2
2026-08-30 15:11:28,996 [MainThread  ] [INFO ]  Train epoch: 3
2026-08-30 15:12:47,201 [MainThread  ] [INFO ]  Train epoch: 4
2026-08-30 15:14:05,527 [MainThread  ] [INFO ]  Train epoch: 5
2026-08-30 15:15:23,682 [MainThread  ] [INFO ]  Train epoch: 6
2026-08-30 15:16:41,992 [MainThread  ] [INFO ]  Train epoch: 7
2026-08-30 15:18:00,171 [MainThread  ] [INFO ]  Train epoch: 8
2026-08-30 15:19:18,441 [MainThread  ] [INFO ]  Train epoch: 9
2026-08-30 15:20:36,701 [MainThread  ] [INFO ]  Train epoch: 10
2026-08-30 15:21:54,898 [MainThread  ] [INFO ]  Train epoch: 11
2026-08-30 15:23:13,099 [MainThread  ] [INFO ]  Train epoch: 12
2026-08-30 15:24:31,409 [MainThread  ] [INFO ]  Train epoch: 13
2026-08-30 15:25:49,853 [MainThread  ] [INFO ]  Train epoch: 14
2026-08-30 15:27:08,009 [MainThread  ] [INFO ]  Train epoch: 15
2026-08-30 15:28:26,163 [MainThread  ] [INFO ]  Train epoch: 16
2026-08-30 15:29:44,490 [MainThread  ] [INFO ]  Train epoch: 17
2026-08-30 15:31:02,629 [MainThread  ] [INFO ]  Train epoch: 18
2026-08-30 15:32:20,946 [MainThread  ] [INFO ]  Train epoch: 19
2026-08-30 15:33:39,279 [MainThread  ] [INFO ]  Evaluate: valid
2026-08-30 15:33:56,369 [MainThread  ] [INFO ]  Logged in: D:/avimaint-e2e-research/legacy_import/maintenance-ie/outputs/spert_normalized/byt5/log\avimaint_spert_norm_byt5\2026-08-30_15-07-30_657037
2026-08-30 15:33:56,369 [MainThread  ] [INFO ]  Saved in: D:/avimaint-e2e-research/legacy_import/maintenance-ie/outputs/spert_normalized/byt5/save\avimaint_spert_norm_byt5\2026-08-30_15-07-30_657037
